#{
  first_key => first,
  second_key => second,
  third_key => third
}.